// Jest Snapshot v1, https://goo.gl/fbAQLP

exports[`should Checkbox render correctly 1`] = `
<View
  style={
    Array [
      Object {
        "alignItems": "center",
        "borderRadius": 8,
        "display": "flex",
        "flexDirection": "row",
        "justifyContent": "center",
        "paddingHorizontal": 8,
        "paddingVertical": 4,
      },
      Array [
        Object {},
      ],
    ]
  }
  testID="Box"
>
  <Text
    style={
      Array [
        Object {
          "color": "#1A233D",
          "display": "flex",
          "fontFamily": "\\"Public Sans\\", sans-serif",
          "fontWeight": "500",
          "margin": 4,
        },
        Array [
          Object {
            "fontSize": 10,
          },
        ],
      ]
    }
  >
    Label tag
  </Text>
</View>
`;
