// Jest Snapshot v1, https://goo.gl/fbAQLP

exports[`should Input render correctly 1`] = `
<View
  style={
    Array [
      Object {
        "alignItems": "center",
        "backgroundColor": "#FFFFFF",
        "display": "flex",
        "flexDirection": "row",
      },
      Array [
        Object {},
      ],
    ]
  }
  testID="input-box"
>
  <TextInput
    allowFontScaling={true}
    onChangeText={[Function]}
    onSubmitEditing={[Function]}
    placeholder="Placeholder"
    placeholderTextColor="#58627F"
    rejectResponderTermination={true}
    selectionColor="#58627F"
    testID="Input"
    textContentType="password"
    underlineColorAndroid="transparent"
  />
</View>
`;
